{
 "command": "start-judgement"
}
{
 "command": "start-tab",
 "title": "Query 1"
}
{
 "command": "start-context"
}
{
 "command": "start-testcase",
 "description": {
  "description": "-- sqlite3 databank-informatica1.sqlite\nSELECT CITY FROM MANUFACTURER WHERE CITY LIKE 'san%';",
  "format": "sql"
 }
}
{
 "command": "start-test",
 "description": "Vergelijken van de query output in csv formaat",
 "expected": "CITY\nSanta Clara\nSan Jose\nSan Mateo\nSan David\nSan Alfred\nSanta Clara",
 "format": "csv"
}
{
 "command": "append-message",
 "message": {
  "description": "Verwachtte 1 kolommen, uw aantal kolommen is 0.",
  "format": "callout-danger"
 }
}
{
 "command": "append-message",
 "message": {
  "description": "Verwachtte 6 rijen, uw aantal rijen is 0.",
  "format": "callout-danger"
 }
}
{
 "command": "close-test",
 "generated": "",
 "status": {
  "enum": "wrong",
  "human": "Test gefaald"
 }
}
{
 "command": "start-test",
 "description": "Vergelijken van de query output SQL types",
 "expected": "CITY [TEXT]"
}
{
 "command": "close-test",
 "generated": "",
 "status": {
  "enum": "wrong",
  "human": "Test gefaald"
 }
}
{
 "accepted": false,
 "command": "close-testcase"
}
{
 "command": "close-context"
}
{
 "command": "close-tab"
}
{
 "command": "close-judgement"
}