{
 "command": "start-judgement"
}
{
 "command": "start-tab",
 "title": "Query 1"
}
{
 "command": "start-context"
}
{
 "command": "start-testcase",
 "description": {
  "description": "-- sqlite3 empty.sqlite\nCREATE TABLE [PEOPLE']\n(\n    NAME   CHAR(10),\n    HIRED  DATE,\n    STORE  INTEGER,\n    HOURLY BOOL DEFAULT 1\n);",
  "format": "sql"
 }
}
{
 "command": "append-message",
 "message": {
  "description": "Fout: De database bevat een tabel naam (PEOPLE') die een enkele aanhalingsteken (apostrof) bevat.",
  "format": "callout-danger",
  "permission": "student"
 }
}
{
 "accepted": false,
 "command": "close-testcase"
}
{
 "accepted": false,
 "command": "close-context"
}
{
 "command": "close-tab"
}
{
 "accepted": false,
 "command": "close-judgement",
 "status": {
  "enum": "compilation error",
  "human": "Ongeldige query"
 }
}