{
 "command": "start-judgement"
}
{
 "command": "start-tab",
 "title": "Query 1"
}
{
 "command": "start-context"
}
{
 "command": "start-testcase",
 "description": {
  "description": "-- sqlite3 databank-informatica1.sqlite\nSELECT NAME\nFROM CUSTOMER\nWHERE DISCOUNT_CODE LIKE '%L';",
  "format": "sql"
 }
}
{
 "command": "start-test",
 "description": "Vergelijken van de query output in csv formaat",
 "expected": "NAME\nEarly CentralComp\nJohn Valley Computers\nOld Media Productions\nSmall Bill Company\nWest Valley Inc.",
 "format": "csv"
}
{
 "command": "close-test",
 "generated": "NAME\nEarly CentralComp\nJohn Valley Computers\nOld Media Productions\nSmall Bill Company\nWest Valley Inc.",
 "status": {
  "enum": "correct",
  "human": "Alle testen geslaagd"
 }
}
{
 "command": "start-test",
 "description": "Vergelijken van de query output SQL types",
 "expected": "NAME [TEXT]"
}
{
 "command": "close-test",
 "generated": "NAME [TEXT]",
 "status": {
  "enum": "correct",
  "human": "Alle testen geslaagd"
 }
}
{
 "command": "append-message",
 "message": {
  "description": "Fout: de ingediende query mag niet voldoen aan `.*LIKE[\\s'\"]+[\\%_]+.*`.",
  "format": "callout-danger",
  "permission": "student"
 }
}
{
 "accepted": false,
 "command": "close-testcase"
}
{
 "command": "escalate-status",
 "status": {
  "enum": "wrong",
  "human": "Test gefaald"
 }
}
{
 "accepted": false,
 "command": "close-context"
}
{
 "command": "close-tab"
}
{
 "command": "close-judgement"
}