{
 "command": "start-judgement"
}
{
 "command": "start-tab",
 "title": "Query 1"
}
{
 "command": "start-context"
}
{
 "command": "start-testcase",
 "description": {
  "description": "-- sqlite3 databank-informatica1.sqlite\nSELECT * froom DISCOUNT_CODE;",
  "format": "sql"
 }
}
{
 "command": "append-message",
 "message": {
  "description": "OperationalError:\n    near \"froom\": syntax error",
  "format": "code",
  "permission": "student"
 }
}
{
 "accepted": false,
 "command": "close-testcase"
}
{
 "accepted": false,
 "command": "close-context"
}
{
 "command": "close-tab"
}
{
 "accepted": false,
 "command": "close-judgement",
 "status": {
  "enum": "compilation error",
  "human": "Ongeldige query"
 }
}