{
 "command": "start-judgement"
}
{
 "command": "start-tab",
 "title": "Query 1"
}
{
 "command": "start-context"
}
{
 "command": "start-testcase",
 "description": {
  "description": "-- sqlite3 databank-informatica1.sqlite\nSELECT NAME, PHONE, NAME\nFROM CUSTOMER\nORDER BY NAME;",
  "format": "sql"
 }
}
{
 "command": "start-test",
 "description": "Vergelijken van de query output in csv formaat",
 "expected": "NAME,PHONE\nBig Car Parts,313-555-0144\nBig Network Systems,650-555-0181\nBob Hosting Corp.,650-555-0160\nEarly CentralComp,408-555-0157\nJohn Valley Computers,408-555-0169\nJumbo Eagle Corp,305-555-0188\nNew Enterprises,305-555-0148\nOld Media Productions,212-555-0110\nSmall Bill Company,555-555-0175\nWest Valley Inc.,313-555-0172\nWren Computers,214-555-0133\nYankee Computer Repair Ltd,212-555-0191\nZed Motor Co,313-555-0151",
 "format": "csv"
}
{
 "command": "append-message",
 "message": {
  "description": "Verwachtte 2 kolommen, uw aantal kolommen is 3.",
  "format": "callout-danger"
 }
}
{
 "command": "close-test",
 "generated": "NAME,PHONE,NAME\nBig Car Parts,313-555-0144,Big Car Parts\nBig Network Systems,650-555-0181,Big Network Systems\nBob Hosting Corp.,650-555-0160,Bob Hosting Corp.\nEarly CentralComp,408-555-0157,Early CentralComp\nJohn Valley Computers,408-555-0169,John Valley Computers\nJumbo Eagle Corp,305-555-0188,Jumbo Eagle Corp\nNew Enterprises,305-555-0148,New Enterprises\nOld Media Productions,212-555-0110,Old Media Productions\nSmall Bill Company,555-555-0175,Small Bill Company\nWest Valley Inc.,313-555-0172,West Valley Inc.\nWren Computers,214-555-0133,Wren Computers\nYankee Computer Repair Ltd,212-555-0191,Yankee Computer Repair Ltd\nZed Motor Co,313-555-0151,Zed Motor Co",
 "status": {
  "enum": "wrong",
  "human": "Test gefaald"
 }
}
{
 "command": "start-test",
 "description": "Vergelijken van de query output SQL types",
 "expected": "NAME [TEXT]\nPHONE [TEXT]"
}
{
 "command": "close-test",
 "generated": "NAME [TEXT]\nPHONE [TEXT]\nNAME [TEXT]",
 "status": {
  "enum": "wrong",
  "human": "Test gefaald"
 }
}
{
 "accepted": false,
 "command": "close-testcase"
}
{
 "command": "close-context"
}
{
 "command": "close-tab"
}
{
 "command": "close-judgement"
}