{
 "command": "start-judgement"
}
{
 "command": "start-tab",
 "title": "Query 1"
}
{
 "command": "start-context"
}
{
 "command": "start-testcase",
 "description": {
  "description": "-- sqlite3 databank-informatica1.sqlite\nSELECT *\nFRM CUSTOMER;",
  "format": "sql"
 }
}
{
 "command": "append-message",
 "message": {
  "description": "Solution is not working (OperationalError):\n    near \"FRM\": syntax error",
  "format": "code",
  "permission": "staff"
 }
}
{
 "accepted": false,
 "command": "close-testcase"
}
{
 "accepted": false,
 "command": "close-context"
}
{
 "command": "close-tab"
}
{
 "accepted": false,
 "command": "close-judgement",
 "status": {
  "enum": "internal error",
  "human": "Interne fout"
 }
}